// Jest Snapshot v1, https://goo.gl/fbAQLP

exports[`renders Card component unchanged 1`] = `
<div>
  <div
    class="paper undefined"
  >
    <div
      class="card"
    >
      <img
        alt=""
        data-nimg="1"
        decoding="async"
        height="40"
        loading="lazy"
        src="/_next/image?url=%2Fimg.jpg&w=96&q=75"
        srcset="/_next/image?url=%2Fimg.jpg&w=48&q=75 1x, /_next/image?url=%2Fimg.jpg&w=96&q=75 2x"
        style="color: transparent;"
        width="40"
      />
      <p
        class="card__text"
      >
        Users
      </p>
      <p
        class="card__number"
      >
        100
      </p>
    </div>
  </div>
</div>
`;
