// Jest Snapshot v1, https://goo.gl/fbAQLP

exports[`Popover tests renders Popover component unchanged 1`] = `
<div>
  <div
    class="popover undefined"
  />
</div>
`;
