// Jest Snapshot v1, https://goo.gl/fbAQLP

exports[`FilterMenu tests renders Filtermenu component unchanged 1`] = `
<div>
  <div
    class="popover popover"
  />
</div>
`;
